// Jest Snapshot v1, https://goo.gl/fbAQLP

exports[`Test Forecast Snapshot 1`] = `
<span>
  <div
    className="col-sm-12 float-left"
  >
    <div
      className="col-sm-12 ui horizontal divider"
    >
      Forecast
    </div>
    0
  </div>
</span>
`;
