// Jest Snapshot v1, https://goo.gl/fbAQLP

exports[`Test CardImage Snapshot 1`] = `
<div
  className="card-image bg-blue"
>
  <h2>
    Wind
  </h2>
  <div
    className="col-sm-12"
  />
  <div
    className="col-sm-12"
  >
    <h5>
      1 m/sec
    </h5>
  </div>
</div>
`;
